// Jest Snapshot v1, https://goo.gl/fbAQLP

exports[`ArticlePreview Component should match snapshot 1`] = `
<DocumentFragment>
  <div
    aria-label="article-preview"
    class="card"
    data-testid="article-preview"
  >
    <h2
      class="titleMobile"
    >
      Sample Title
    </h2>
     
    <div
      class="mainDiv"
    >
      <figure
        class="section"
        id="figure"
      >
        <img
          alt="Sample Description"
          class="media"
          height="auto"
          src="image.jpg"
          width="98%"
        />
      </figure>
      <article
        class="section"
        id="article"
      >
        <h2
          class="title"
        >
          Sample Title
        </h2>
        <p
          class="description"
        >
          Sample Text
        </p>
        <div
          class="subReddit"
          data-testid="subReddit"
        >
          <div
            aria-label="number of votes"
            class="section"
          >
            <i
              class="fa-solid fa-arrow-up"
            />
            <p>
              5
            </p>
          </div>
          <div
            aria-label="number of comments"
            class="section"
          >
            <i
              class="fa-regular fa-message"
            />
            <p>
              10
            </p>
          </div>
          <div
            aria-label="subreddit name"
            class="section"
          >
            <i
              class="fa-brands fa-reddit-alien"
            />
            <p
              class="name"
            >
              Sample SubReddit
            </p>
          </div>
        </div>
      </article>
    </div>
  </div>
</DocumentFragment>
`;
